[juancarlosveloso12.wixsite.com/vegans.html]
[static.parastorage.com/unpkg/core-js-bundle@3.2.1/minified.js]
[static.parastorage.com/unpkg/focus-within-polyfill@5.0.9/dist/focus-within-polyfill.js]
[backblue.gif]
[fade.gif]
[index.html]
[polyfill.io/v3/polyfill.mind82c.js]
[juancarlosveloso12.wixsite.com/47b73115.min.css]
[juancarlosveloso12.wixsite.com/1a3ca2ee.min.css]
[juancarlosveloso12.wixsite.com/16e44c05.min.css]
[juancarlosveloso12.wixsite.com/6ac53ab7.min.css]
[juancarlosveloso12.wixsite.com/02595569.min.css]
[juancarlosveloso12.wixsite.com/e5861f41.min.css]
[juancarlosveloso12.wixsite.com/c53e42d7.min.css]
[juancarlosveloso12.wixsite.com/da6c52cb.min.css]
[juancarlosveloso12.wixsite.com/3d2759f7.min.css]
[juancarlosveloso12.wixsite.com/960c3a88.min.css]
[juancarlosveloso12.wixsite.com/390543ac.min.css]
[juancarlosveloso12.wixsite.com/2f9aeb85.min.css]
[juancarlosveloso12.wixsite.com/f36661fb.min.css]
[juancarlosveloso12.wixsite.com/aa613bd1.min.css]
[juancarlosveloso12.wixsite.com/395efea1.min.css]
[juancarlosveloso12.wixsite.com/6daaad8b.min.css]
[juancarlosveloso12.wixsite.com/bf91693c.min.css]
[juancarlosveloso12.wixsite.com/b4ae8803.min.css]
[juancarlosveloso12.wixsite.com/62ccedec.min.css]
[juancarlosveloso12.wixsite.com/ae08c227.min.css]
[juancarlosveloso12.wixsite.com/11f27093.min.css]
[juancarlosveloso12.wixsite.com/9b155e90.min.css]
[juancarlosveloso12.wixsite.com/4ec2545d.min.css]
[juancarlosveloso12.wixsite.com/1bbe301d.min.css]
[juancarlosveloso12.wixsite.com/e78a13b3.min.css]
[juancarlosveloso12.wixsite.com/b604fd33.min.css]
[juancarlosveloso12.wixsite.com/48c6d58d.min.css]
[juancarlosveloso12.wixsite.com/439c90c8.min.css]
[juancarlosveloso12.wixsite.com/cd69f57c.min.css]
[juancarlosveloso12.wixsite.com/bc223d50.min.css]
[juancarlosveloso12.wixsite.com/bc2466c0.min.css]
[juancarlosveloso12.wixsite.com/5d7b6bbf.min.css]
[juancarlosveloso12.wixsite.com/3fdab364.min.css]
[juancarlosveloso12.wixsite.com/20d93486.min.css]
[juancarlosveloso12.wixsite.com/9692b4a8.min.css]
[juancarlosveloso12.wixsite.com/914012ea.min.css]
[juancarlosveloso12.wixsite.com/ffa0eb8f.min.css]
[juancarlosveloso12.wixsite.com/fe8be6d6.min.css]
[juancarlosveloso12.wixsite.com/a28cca36.min.css]
[juancarlosveloso12.wixsite.com/02b07b80.min.css]
[juancarlosveloso12.wixsite.com/265e9a4a.min.css]
[juancarlosveloso12.wixsite.com/ff342417.min.css]
[juancarlosveloso12.wixsite.com/2a1582d7.min.css]
[juancarlosveloso12.wixsite.com/eb321d93.min.css]
[juancarlosveloso12.wixsite.com/06cfef68.min.css]
[juancarlosveloso12.wixsite.com/49a18e23.min.css]
[juancarlosveloso12.wixsite.com/2467b183.min.css]
[juancarlosveloso12.wixsite.com/f9fd7cbe.min.css]
[juancarlosveloso12.wixsite.com/e142d0f4.min.css]
[juancarlosveloso12.wixsite.com/96a73741.min.css]
[juancarlosveloso12.wixsite.com/4c758e80.min.css]
[juancarlosveloso12.wixsite.com/44b62fdc.min.css]
[juancarlosveloso12.wixsite.com/7f8c7c3e.min.css]
[juancarlosveloso12.wixsite.com/fbbc0ea4.min.css]
[juancarlosveloso12.wixsite.com/5d29307d.min.css]
[juancarlosveloso12.wixsite.com/vegans.html]
[juancarlosveloso12.wixsite.com/47b73115.min.html]
[juancarlosveloso12.wixsite.com/1a3ca2ee.min.html]
[juancarlosveloso12.wixsite.com/16e44c05.min.html]
[juancarlosveloso12.wixsite.com/6ac53ab7.min.html]
[juancarlosveloso12.wixsite.com/02595569.min.html]
[juancarlosveloso12.wixsite.com/e5861f41.min.html]
[juancarlosveloso12.wixsite.com/c53e42d7.min.html]
[juancarlosveloso12.wixsite.com/da6c52cb.min.html]
[juancarlosveloso12.wixsite.com/3d2759f7.min.html]
[juancarlosveloso12.wixsite.com/960c3a88.min.html]
[juancarlosveloso12.wixsite.com/390543ac.min.html]
[juancarlosveloso12.wixsite.com/2f9aeb85.min.html]
[juancarlosveloso12.wixsite.com/f36661fb.min.html]
[juancarlosveloso12.wixsite.com/aa613bd1.min.html]
[juancarlosveloso12.wixsite.com/395efea1.min.html]
[juancarlosveloso12.wixsite.com/6daaad8b.min.html]
[juancarlosveloso12.wixsite.com/bf91693c.min.html]
[juancarlosveloso12.wixsite.com/b4ae8803.min.html]
[juancarlosveloso12.wixsite.com/62ccedec.min.html]
[juancarlosveloso12.wixsite.com/ae08c227.min.html]
[juancarlosveloso12.wixsite.com/11f27093.min.html]
[juancarlosveloso12.wixsite.com/9b155e90.min.html]
[juancarlosveloso12.wixsite.com/4ec2545d.min.html]
[juancarlosveloso12.wixsite.com/1bbe301d.min.html]
[juancarlosveloso12.wixsite.com/e78a13b3.min.html]
[juancarlosveloso12.wixsite.com/b604fd33.min.html]
[juancarlosveloso12.wixsite.com/48c6d58d.min.html]
[juancarlosveloso12.wixsite.com/439c90c8.min.html]
[juancarlosveloso12.wixsite.com/cd69f57c.min.html]
[juancarlosveloso12.wixsite.com/bc223d50.min.html]
[juancarlosveloso12.wixsite.com/bc2466c0.min.html]
[juancarlosveloso12.wixsite.com/5d7b6bbf.min.html]
[juancarlosveloso12.wixsite.com/3fdab364.min.html]
[juancarlosveloso12.wixsite.com/20d93486.min.html]
[juancarlosveloso12.wixsite.com/9692b4a8.min.html]
[juancarlosveloso12.wixsite.com/914012ea.min.html]
[juancarlosveloso12.wixsite.com/ffa0eb8f.min.html]
[juancarlosveloso12.wixsite.com/fe8be6d6.min.html]
[juancarlosveloso12.wixsite.com/a28cca36.min.html]
[juancarlosveloso12.wixsite.com/02b07b80.min.html]
[juancarlosveloso12.wixsite.com/265e9a4a.min.html]
[juancarlosveloso12.wixsite.com/ff342417.min.html]
[juancarlosveloso12.wixsite.com/2a1582d7.min.html]
[juancarlosveloso12.wixsite.com/eb321d93.min.html]
[juancarlosveloso12.wixsite.com/06cfef68.min.html]
[juancarlosveloso12.wixsite.com/49a18e23.min.html]
[juancarlosveloso12.wixsite.com/2467b183.min.html]
[juancarlosveloso12.wixsite.com/f9fd7cbe.min.html]
[juancarlosveloso12.wixsite.com/e142d0f4.min.html]
[juancarlosveloso12.wixsite.com/96a73741.min.html]
[juancarlosveloso12.wixsite.com/4c758e80.min.html]
[juancarlosveloso12.wixsite.com/44b62fdc.min.html]
[juancarlosveloso12.wixsite.com/7f8c7c3e.min.html]
[juancarlosveloso12.wixsite.com/fbbc0ea4.min.html]
[juancarlosveloso12.wixsite.com/5d29307d.min.html]
